error: proc-macro derive panicked
  --> $DIR/two-arguments.rs:12:5
   |
12 | /     indoc!("
13 | |         a
14 | |         b
15 | |         c
16 | |         " 64);
   | |______________^
   |
   = help: message: argument must be a single string literal, but got 2 tokens
   = note: this warning originates in a macro outside of the current crate (in Nightly builds, run with -Z external-macro-backtrace for more info)

error: aborting due to previous error

