error: proc-macro derive panicked
 --> $DIR/two-arguments.rs:4:5
  |
4 | /     indoc!("
5 | |         a
6 | |         b
7 | |         c
8 | |         " 64);
  | |______________^
  |
  = help: message: argument must be a single string literal, but got 2 tokens
  = note: this warning originates in a macro outside of the current crate (in Nightly builds, run with -Z external-macro-backtrace for more info)
