error: proc macro panicked
 --> $DIR/two-arguments.rs:6:5
  |
6 | /     indoc!("
7 | |         a
8 | |         b
9 | |         c
10| |         " 64);
  | |______________^
  |
  = help: message: argument must be a single string literal, but got 2 tokens
