error: proc macro panicked
  --> $DIR/non-string.rs:14:5
   |
14 |     indoc!(64);
   |     ^^^^^^^^^^^
   |
   = help: message: argument must be a single string literal
