error: proc macro panicked
  --> $DIR/two-arguments.rs:14:5
   |
14 | /     indoc!("
15 | |         a
16 | |         b
17 | |         c
18 | |         " 64);
   | |______________^
   |
   = help: message: argument must be a single string literal, but got 2 tokens
